[load_raw] 1,005,000 dòng x 20 cột từ data_interim.parquet (0.1s)
=== Numeric descriptives (toàn bộ, dữ liệu thô) ===
                         count    missing          mean      median        mode   mode_freq  mode_pct           std        min          Q1            Q3            max         IQR  skewness  kurtosis_excess  mean_minus_median
Year             1,005,000.000      0.000     2,011.996   2,012.000   2,019.000  40,563.000     4.036         7.211  2,000.000   2,006.000     2,018.000      2,024.000      12.000     0.001           -1.204             -0.004
Mileage_kmpl       924,610.000 80,390.000        17.996      17.998       5.000     516.000     0.056         3.994      5.000      15.302        20.689         36.282       5.387     0.003           -0.022             -0.002
Engine_CC          924,597.000 80,403.000     1,506.627   1,500.181     800.000  37,028.000     4.005       386.034    800.000   1,230.407     1,769.599      3,362.023     539.192     0.197           -0.317              6.446
Horsepower         924,597.000 80,403.000       120.572     120.053      17.321       2.000     0.000        36.775    -18.510      94.841       145.478        290.250      50.637     0.113           -0.162              0.519
Kms_Driven       1,005,000.000      0.000   202,863.890 166,313.000 117,600.000      38.000     0.004   175,370.541  5,000.000  84,555.000   286,380.000  4,368,000.000 201,825.000     4.643           56.980         36,550.890
Accidents        1,005,000.000      0.000         0.299       0.000       0.000 744,978.000    74.127         0.547      0.000       0.000         1.000          5.000       1.000     1.826            3.312              0.299
Number_of_Doors  1,005,000.000      0.000         4.249       4.000       4.000 603,710.000    60.071         0.699      2.000       4.000         5.000          5.000       1.000    -1.267            2.864              0.249
Seats            1,005,000.000      0.000         5.160       5.000       5.000 753,629.000    74.988         0.914      2.000       5.000         5.000          7.000       0.000     0.227            2.540              0.160
Registration_Age 1,005,000.000      0.000        13.004      13.000       6.000  40,563.000     4.036         7.211      1.000       7.000        19.000         25.000      12.000    -0.001           -1.204              0.004
Car_Price        1,005,000.000      0.000 1,012,896.960 758,908.320  50,000.000 116,375.000    11.580 1,141,644.936 50,000.000 343,350.411 1,293,475.466 37,885,997.533 950,125.054     6.991          116.466        253,988.641
Insurance_Valid  1,005,000.000      0.000         0.849       1.000       1.000 853,708.000    84.946         0.358      0.000       1.000         1.000          1.000       0.000    -1.954            1.820             -0.151
Service_History  1,005,000.000      0.000         0.751       1.000       1.000 754,514.000    75.076         0.433      0.000       1.000         1.000          1.000       0.000    -1.159           -0.656             -0.249
Tax_Paid         1,005,000.000      0.000         0.900       1.000       1.000 904,765.000    90.026         0.300      0.000       1.000         1.000          1.000       0.000    -2.672            5.137             -0.100

=== Bảng Guide — Entire (n = 1,005,000) ===
                        count         mean       mode     median          std       min           max
Year             1,005,000.00     2,012.00   2,019.00   2,012.00         7.21  2,000.00      2,024.00
Mileage_kmpl       924,610.00        18.00       5.00      18.00         3.99      5.00         36.28
Engine_CC          924,597.00     1,506.63     800.00   1,500.18       386.03    800.00      3,362.02
Horsepower         924,597.00       120.57      17.32     120.05        36.78    -18.51        290.25
Kms_Driven       1,005,000.00   202,863.89 117,600.00 166,313.00   175,370.54  5,000.00  4,368,000.00
Accidents        1,005,000.00         0.30       0.00       0.00         0.55      0.00          5.00
Number_of_Doors  1,005,000.00         4.25       4.00       4.00         0.70      2.00          5.00
Seats            1,005,000.00         5.16       5.00       5.00         0.91      2.00          7.00
Registration_Age 1,005,000.00        13.00       6.00      13.00         7.21      1.00         25.00
Car_Price        1,005,000.00 1,012,896.96  50,000.00 758,908.32 1,141,644.94 50,000.00 37,885,997.53
Insurance_Valid  1,005,000.00         0.85       1.00       1.00         0.36      0.00          1.00
Service_History  1,005,000.00         0.75       1.00       1.00         0.43      0.00          1.00
Tax_Paid         1,005,000.00         0.90       1.00       1.00         0.30      0.00          1.00

=== Bảng Guide — Luxury (n = 232,172) ===
                      count         mean       mode       median          std       min           max
Year             232,172.00     2,011.98   2,007.00     2,012.00         7.21  2,000.00      2,024.00
Mileage_kmpl     213,565.00        17.98       5.00        17.99         3.99      5.00         35.72
Engine_CC        213,861.00     1,506.59     800.00     1,499.12       385.95    800.00      3,349.96
Horsepower       213,645.00       120.53      22.51       120.06        36.73    -11.74        285.57
Kms_Driven       232,172.00   202,962.02 124,080.00   166,375.50   176,005.90  5,000.00  4,344,375.00
Accidents        232,172.00         0.30       0.00         0.00         0.55      0.00          5.00
Number_of_Doors  232,172.00         4.25       4.00         4.00         0.70      2.00          5.00
Seats            232,172.00         5.16       5.00         5.00         0.92      2.00          7.00
Registration_Age 232,172.00        13.02      18.00        13.00         7.21      1.00         25.00
Car_Price        232,172.00 2,263,044.81  50,000.00 2,155,953.23 1,551,251.33 50,000.00 37,885,997.53
Insurance_Valid  232,172.00         0.85       1.00         1.00         0.36      0.00          1.00
Service_History  232,172.00         0.75       1.00         1.00         0.43      0.00          1.00
Tax_Paid         232,172.00         0.90       1.00         1.00         0.30      0.00          1.00

=== Bảng Guide — Non-luxury (n = 772,828) ===
                      count       mean       mode     median        std       min           max
Year             772,828.00   2,012.00   2,006.00   2,012.00       7.21  2,000.00      2,024.00
Mileage_kmpl     711,045.00      18.00       5.00      18.00       3.99      5.00         36.28
Engine_CC        710,736.00   1,506.64     800.00   1,500.47     386.06    800.00      3,362.02
Horsepower       710,952.00     120.58      17.32     120.05      36.79    -18.51        290.25
Kms_Driven       772,828.00 202,834.41 146,160.00 166,291.00 175,179.32  5,000.00  4,368,000.00
Accidents        772,828.00       0.30       0.00       0.00       0.55      0.00          5.00
Number_of_Doors  772,828.00       4.25       4.00       4.00       0.70      2.00          5.00
Seats            772,828.00       5.16       5.00       5.00       0.91      2.00          7.00
Registration_Age 772,828.00      13.00      19.00      13.00       7.21      1.00         25.00
Car_Price        772,828.00 637,329.14  50,000.00 581,504.67 601,180.88 50,000.00 16,183,316.06
Insurance_Valid  772,828.00       0.85       1.00       1.00       0.36      0.00          1.00
Service_History  772,828.00       0.75       1.00       1.00       0.43      0.00          1.00
Tax_Paid         772,828.00       0.90       1.00       1.00       0.30      0.00          1.00

=== Categorical (nhãn chuẩn hoá trong bộ nhớ) ===
Brand        13 nhóm | lớn nhất BMW 7.718% | nhỏ nhất Nissan 7.658% | nhóm hiếm (<1%): không
Model        39 nhóm | lớn nhất Verna 2.592% | nhỏ nhất Kicks 2.54% | nhóm hiếm (<1%): không
Fuel_Type     6 nhóm | lớn nhất Petrol 41.218% | nhỏ nhất Hybrid 6.646% | nhóm hiếm (<1%): không
Transmission  3 nhóm | lớn nhất Manual 59.764% | nhỏ nhất Unknown 7.999% | nhóm hiếm (<1%): không
Owner_Type    4 nhóm | lớn nhất First 59.937% | nhỏ nhất Fourth+ 5.002% | nhóm hiếm (<1%): không
Color         8 nhóm | lớn nhất Red 13.188% | nhỏ nhất Unknown 8.002% | nhóm hiếm (<1%): không
City          9 nhóm | lớn nhất Delhi 11.542% | nhỏ nhất Unknown 8.003% | nhóm hiếm (<1%): không
Segment       2 nhóm | lớn nhất Non-luxury 76.898% | nhỏ nhất Luxury 23.102% | nhóm hiếm (<1%): không

=== Categorical (nhãn GỐC) — nhóm hiếm (<1%) ===
Brand        26 nhãn gốc, 13 nhãn hiếm: ' Mercedes ', ' Nissan ', ' Skoda ', ' BMW ', ' Mahindra ', ' Tata ', ' Honda ', ' Kia ', ' Hyundai ', ' Toyota ', ' Ford ', ' Volkswagen ', ' Audi '
Model        39 nhãn gốc, 0 nhãn hiếm: không
Fuel_Type    12 nhãn gốc, 6 nhãn hiếm: 'hybridd', ' Diesel', 'diesel ', 'petrol', 'PETROL', 'electrik'
Transmission  3 nhãn gốc, 0 nhãn hiếm: không
Owner_Type    4 nhãn gốc, 0 nhãn hiếm: không
Color         8 nhãn gốc, 0 nhãn hiếm: không
City          9 nhãn gốc, 0 nhãn hiếm: không

Đã lưu hình: fig_03a..fig_03e
