[load_raw] 1,005,000 dòng x 20 cột từ data_interim.parquet (0.1s)
=== IQR (1.5×, 3×) vs z-score (|z|>3) — toàn bộ dữ liệu ===
       variable       n         Q1           Q3        IQR     lower_1.5    upper_1.5  n_low_1.5  n_high_1.5  n_low_3  n_high_3  n_abs_z_gt_3  pct_1.5  pct_3  pct_z3
   Mileage_kmpl  924610      15.30        20.69       5.39          7.22        28.77       3220        3285        0         0          2484     0.70   0.00    0.27
      Engine_CC  924597   1,230.41     1,769.60     539.19        421.62     2,578.39          0        3223        0         0          1647     0.35   0.00    0.18
     Horsepower  924597      94.84       145.48      50.64         18.88       221.43        741        3264        0         0          1708     0.43   0.00    0.18
     Kms_Driven 1005000  84,555.00   286,380.00 201,825.00   -218,182.50   589,117.50          0        9948        0      4431          5307     0.99   0.44    0.53
      Car_Price 1005000 343,350.41 1,293,475.47 950,125.05 -1,081,837.17 2,718,663.05          0       70413        0      5843          4780     7.01   0.58    0.48
      Accidents 1005000       0.00         1.00       1.00         -1.50         2.50          0        3633        0        16         37067     0.36   0.00    3.69
log(Kms_Driven) 1005000      11.35        12.57       1.22          9.52        14.39      20505        1457        0         0          7486     2.19   0.00    0.74
 log(Car_Price) 1005000      12.75        14.07       1.33         10.76        16.06          0        1864        0         0           302     0.18   0.00    0.03

=== (a) Implausible — theo logic nội tại (chỉ gắn cờ, không xoá) ===
                   rule  n_rows   pct  luxury_share_of_flagged_pct
       imp_price_nonpos       0 0.000                          NaN
          imp_kms_gt_1m    3908 0.389                       23.132
imp_kms_per_year_gt_25k    9623 0.958                       23.174
         imp_kms_nonpos       0 0.000                          NaN
          imp_hp_nonpos      32 0.003                       21.875
      imp_engine_nonpos       0 0.000                          NaN
     imp_mileage_nonpos       0 0.000                          NaN
  imp_year_age_mismatch       0 0.000                          NaN
                imp_any    9655 0.961                       23.169
(Tỉ trọng Luxury trong toàn bộ mẫu = 23.102%)

Horsepower <= 0: 32 dòng; min = -18.51; Engine_CC của các dòng này: median = 800

Kms_Driven > 1,000,000: 3,908 dòng (0.389%); max = 4,368,000
  Phân vị cao của Kms_Driven: {'P90': '409,824', 'P99': '588,480', 'P99.5': '780,161', 'P99.9': '2,054,705'}
  Số dòng theo khoảng Kms: {Interval(0, 600000, closed='right'): 996931, Interval(600000, 650000, closed='right'): 2298, Interval(650000, 700000, closed='right'): 296, Interval(700000, 800000, closed='right'): 550, Interval(800000, 1000000, closed='right'): 1017, Interval(1000000, 2000000, closed='right'): 2825, Interval(2000000, 5000000, closed='right'): 1083}
  Kms / Registration_Age (km mỗi năm tuổi): median = 15,095; P99 = 24,990; ở nhóm Kms > 1M: median = 94,045

  --- Km mỗi năm tuổi (Kms_Driven / Registration_Age) ---
  Phân vị: {'P0': '5,000', 'P0.1': '5,019', 'P50': '15,095', 'P99': '24,990', 'P99.4': '60,170', 'P99.5': '69,252', 'P99.9': '130,212', 'P100': '174,951'}
  Số dòng theo khoảng km/năm: {Interval(0.0, 4999.0, closed='right'): 0, Interval(4999.0, 5000.0, closed='right'): 53, Interval(5000.0, 24999.0, closed='right'): 995324, Interval(24999.0, 25000.0, closed='right'): 0, Interval(25000.0, 25001.0, closed='right'): 0, Interval(25001.0, 30000.0, closed='right'): 396, Interval(30000.0, 50000.0, closed='right'): 2098, Interval(50000.0, 100000.0, closed='right'): 4693, Interval(100000.0, 10000000.0, closed='right'): 2436}
  Dòng có km/năm > 25,000: 9,623 (0.958%) | trong đó Kms > 1M: 3,908; Kms <= 1M: 5,715
  Ngược lại: Kms > 1M mà km/năm <= 25,000: 0
  Phân bố Registration_Age của nhóm km/năm > 25k (so với toàn mẫu ~4%/tuổi): {1: 4.2, 2: 4.1, 3: 4.1, 4: 3.6, 5: 3.8, 6: 3.9, 7: 4.3, 8: 4.2, 9: 4.1, 10: 4.1, 11: 3.9, 12: 4.0, 13: 4.2, 14: 4.0, 15: 3.9, 16: 3.9, 17: 4.0, 18: 4.2, 19: 4.1, 20: 3.9, 21: 3.8, 22: 3.8, 23: 4.3, 24: 3.6, 25: 3.9}
  Luxury trong nhóm này: 23.174%
  Median Car_Price: nhóm km/năm > 25k = 4,079,906; phần còn lại = 753,630
  Car_Price / median(Car_Price | Model, Registration_Age) — phân vị:
    nhóm km/năm <= 25k (không sàn): {'P1': np.float64(0.17), 'P10': np.float64(0.45), 'P25': np.float64(0.68), 'P50': np.float64(1.0), 'P75': np.float64(1.32), 'P90': np.float64(1.57), 'P99': np.float64(2.2)}
    nhóm km/năm  > 25k            : {'P1': np.float64(0.4), 'P10': np.float64(1.02), 'P25': np.float64(2.54), 'P50': np.float64(4.76), 'P75': np.float64(7.68), 'P90': np.float64(10.54), 'P99': np.float64(16.03)}
  Spearman(kpy_rel, price_rel) trong nhóm > 25k: -0.130
  Tỉ số price_rel / kpy_rel trong nhóm > 25k: {'P1': np.float64(0.06), 'P10': np.float64(0.19), 'P25': np.float64(0.46), 'P50': np.float64(0.98), 'P75': np.float64(1.81), 'P90': np.float64(3.07), 'P99': np.float64(6.34)}
  Số dòng NGOÀI nhóm có price_rel > P10 của nhóm (1.02): 425,691 (48.429%)
  Car_Price > 3×IQR: 5,843 dòng, trong đó thuộc nhóm km/năm > 25k: 4,763 (81.516%)

=== (b) Extreme (> 3×IQR) nhưng KHÔNG vi phạm quy tắc (a) ===
    variable  n_extreme_3iqr  of_which_implausible  extreme_not_implausible  luxury_share_pct
  Kms_Driven            4431                  4431                        0               NaN
   Car_Price            5843                  4764                     1079            85.728
   Engine_CC               0                     0                        0               NaN
  Horsepower               0                     0                        0               NaN
Mileage_kmpl               0                     0                        0               NaN

=== Car_Price: outlier tập trung ở Luxury? ===
Fence 1.5×IQR toàn mẫu = 2,718,663
   Segment      n  pct_above_overall_fence_1.5  share_of_all_high_outliers_pct  within_segment_fence_1.5  pct_above_within_segment_fence  pct_above_within_segment_3iqr
    Luxury 232172                        28.53                           94.06              4,785,489.36                            0.91                           0.80
Non-luxury 772828                         0.54                            5.94              1,965,598.12                            0.66                           0.50

=== (c) Giá trị sàn (point mass tại min) ===
    variable  floor_value  n_rows    pct  pct_in_Luxury  pct_in_Non-luxury  next_value_above_floor
   Car_Price      50000.0  116375 11.580          0.049             15.044            50000.862399
   Engine_CC        800.0   37028  4.005          3.697              3.681              800.007801
Mileage_kmpl          5.0     516  0.056          0.044              0.053                5.005337

% listing có Car_Price = sàn, theo Registration_Age x Segment:
Registration_Age   1    2    3    4    5     6     7     8     9     10   11    12   13    14     15     16     17     18     19     20     21     22     23     24     25
Segment                                                                                                                                                                   
Luxury            0.0  0.0  0.0  0.0  0.0  0.00  0.00  0.00  0.00  0.00  0.0  0.00  0.0  0.00   0.00   0.00   0.00   0.00   0.00   0.01   0.00   0.12   0.12   0.33   0.64
Non-luxury        0.0  0.0  0.0  0.0  0.0  0.03  0.04  0.17  0.38  0.91  1.8  3.11  5.1  7.59  10.75  14.92  19.06  22.84  27.08  31.80  36.83  41.58  46.23  50.53  55.23

% Car_Price = sàn theo nhóm Kms_Driven (quintile):
Kms_Driven
(4999.999, 68893.0]       0.01
(68893.0, 131568.0]       1.30
(131568.0, 207096.0]      5.70
(207096.0, 320250.0]     14.61
(320250.0, 4368000.0]    36.28
% sàn theo Fuel_Type: min 11.48% (Diesel) – max 11.67% (Unknown)
% sàn theo Owner_Type: min 11.55% (Second) – max 11.82% (Third)
% sàn theo Accidents: min 11.31% (0) – max 25.00% (5)
% sàn theo City: min 11.48% (Mumbai) – max 11.74% (Delhi)

Đã lưu hình: fig_04a..fig_04d
